Microchip MPLAB XC8 Compiler V2.00 ()

Linker command line:

-W-3 --edf=C:\Program Files (x86)\Microchip\xc8\v2.00\pic\dat\en_msgs.txt \
  -cs -h+dist/default/production\H628A.X.production.sym \
  --cmf=dist/default/production\H628A.X.production.cmf -z -Q16F628A \
  -oC:\Users\TONCHE~1\AppData\Local\Temp\s9gc.2 --defsym=__MPLAB_BUILD=1 \
  -Mdist/default/production/H628A.X.production.map -E1 -ver=XC8 \
  --acfsm=1493 -ASTACK=020h-06fh -pstack=STACK -ACODE=00h-07FFh \
  -ASTRCODE=00h-07FFh -ASTRING=00h-0FFhx8 -ACONST=00h-0FFhx8 \
  -AENTRY=00h-0FFhx8 -ACOMMON=070h-07Fh -ABANK0=020h-06Fh -ABANK1=0A0h-0EFh \
  -ABANK2=0120h-014Fh -ARAM=020h-06Fh,0A0h-0EFh,0120h-014Fh \
  -AABS1=020h-07Fh,0A0h-0EFh,0120h-014Fh -ASFR0=00h-01Fh -ASFR1=080h-09Fh \
  -ASFR2=0100h-011Fh -ASFR3=0180h-01EFh \
  -preset_vec=00h,intentry,init,end_init -ppowerup=CODE -pcinit=CODE \
  -pfunctab=ENTRY -ACONFIG=02007h-02007h -pconfig=CONFIG -DCONFIG=2 \
  -AIDLOC=02000h-02003h -pidloc=IDLOC -DIDLOC=2 -AEEDATA=00h-07Fh/02100h \
  -peeprom_data=EEDATA -DEEDATA=2 -DCODE=2 -DSTRCODE=2 -DSTRING=2 -DCONST=2 \
  -DENTRY=2 -k C:\Users\TONCHE~1\AppData\Local\Temp\s9gc.o \
  dist/default/production\H628A.X.production.o 

Object code version is 3.11

Machine type is 16F628A



                Name                               Link     Load   Length Selector   Space Scale
C:\Users\TONCHE~1\AppData\Local\Temp\s9gc.o
                end_init                              0        0        1        0       0
                config                             2007     2007        1     400E       0
dist/default/production\H628A.X.production.o
                cinit                               7FE      7FE        2      FFC       0
                text6                               6B0      6B0        1      D60       0
                text5                               6D3      6D3       1D      DA6       0
                swtext2                               F        F        E        2       0
                text4                               6F0      6F0       87      DE0       0
                text3                               6BD      6BD       16      D7A       0
                swtext1                               1        1        E        2       0
                text2                               777      777       87      EEE       0
                text1                               6B1      6B1        6      D62       0
                maintext                            6B7      6B7        6      D6E       0
                cstackCOMMON                         70       70        4       70       1
                strings                              1D       1D        7       3A       0

TOTAL           Name                               Link     Load   Length     Space
        CLASS   STACK          

        CLASS   CODE           
                end_init                              0        0        1         0
                cinit                               7FE      7FE        2         0
                text6                               6B0      6B0        1         0
                text5                               6D3      6D3       1D         0
                text4                               6F0      6F0       87         0
                text3                               6BD      6BD       16         0
                text2                               777      777       87         0
                text1                               6B1      6B1        6         0
                maintext                            6B7      6B7        6         0

        CLASS   STRCODE        

        CLASS   STRING         
                strings                              1D       1D        7         0

        CLASS   CONST          
                swtext2                               F        F        E         0
                swtext1                               1        1        E         0

        CLASS   ENTRY          

        CLASS   COMMON         
                cstackCOMMON                         70       70        4         1

        CLASS   BANK0          

        CLASS   BANK1          

        CLASS   BANK2          

        CLASS   RAM            

        CLASS   ABS1           
                abs_s1                               7E       7E        2         1

        CLASS   SFR0           

        CLASS   SFR1           

        CLASS   SFR2           

        CLASS   SFR3           

        CLASS   CONFIG         
                config                             2007     2007        1         0

        CLASS   IDLOC          

        CLASS   EEDATA         

        CLASS   BANK3          



SEGMENTS        Name                           Load    Length   Top    Selector   Space  Class     Delta

                reset_vec                      000000  000001  000001         0       0  CODE        2
                swtext1                        000001  00001C  00001D         2       0  CONST       2
                strings                        00001D  000007  000024        3A       0  STRING      2
                cstackCOMMON                   000070  000004  000074        70       1  COMMON      1
                text6                          0006B0  000001  0006B1       D60       0  CODE        2
                text1                          0006B1  000006  0006B7       D62       0  CODE        2
                maintext                       0006B7  000006  0006BD       D6E       0  CODE        2
                text3                          0006BD  000016  0006D3       D7A       0  CODE        2
                text5                          0006D3  00001D  0006F0       DA6       0  CODE        2
                text4                          0006F0  000087  000777       DE0       0  CODE        2
                text2                          000777  000087  0007FE       EEE       0  CODE        2
                cinit                          0007FE  000002  000800       FFC       0  CODE        2
                config                         002007  000001  002008      400E       0  CONFIG      2


UNUSED ADDRESS RANGES

        Name                Unused          Largest block    Delta
        BANK0            0020-006F             50           1
        BANK1            00A0-00EF             50           1
        BANK2            0120-014F             30           1
        CODE             0024-06AF            68C           2
        COMMON           0074-007D              A           1
        CONST            0024-06AF            100           2
        EEDATA           2100-217F             80           2
        ENTRY            0024-06AF            100           2
        IDLOC            2000-2003              4           2
        RAM              0020-006F             50           1
                         00A0-00EF             50
                         0120-014F             30
        SFR0             0000-001F             20           1
        SFR1             0080-009F             20           1
        SFR2             0100-011F             20           1
        SFR3             0180-01EF             70           1
        STACK            0020-006F             50           1
        STRCODE          0024-06AF            68C           2
        STRING           0024-06AF            100           2

                                  Symbol Table

_BRGH                          (abs)        04C2
_CREN                          (abs)        00C4
_ConfiguracionInicial          text6        06B0
_LED                           strings      0023
_PORTAbits                     (abs)        0005
_PORTBbits                     (abs)        0006
_RCIF                          (abs)        0065
_RCREG                         (abs)        001A
_SPBRG                         (abs)        0099
_SPEN                          (abs)        00C7
_SYNC                          (abs)        04C4
_TRISAbits                     (abs)        0085
_TRISB1                        (abs)        0431
_TRISB2                        (abs)        0432
_TRISBbits                     (abs)        0086
_TRMT                          (abs)        04C1
_TXEN                          (abs)        04C5
_TXIF                          (abs)        0064
_TXREG                         (abs)        0019
__CFG_BOREN$OFF                (abs)        0000
__CFG_CP$OFF                   (abs)        0000
__CFG_CPD$OFF                  (abs)        0000
__CFG_FOSC$INTOSCIO            (abs)        0000
__CFG_LVP$OFF                  (abs)        0000
__CFG_MCLRE$ON                 (abs)        0000
__CFG_PWRTE$OFF                (abs)        0000
__CFG_WDTE$OFF                 (abs)        0000
__Habs1                        abs1         0000
__Hbank0                       bank0        0000
__Hbank1                       bank1        0000
__Hbank2                       bank2        0000
__Hbank3                       bank3        0000
__Hcinit                       cinit        0800
__Hclrtext                     clrtext      0000
__Hcode                        code         0000
__Hcommon                      common       0000
__Hconfig                      config       2008
__HcstackCOMMON                cstackCOMMON 0000
__Heeprom_data                 eeprom_data  0000
__Hend_init                    end_init     0001
__Hfunctab                     functab      0000
__Hidloc                       idloc        0000
__Hinit                        init         0000
__Hintentry                    intentry     0000
__Hmaintext                    maintext     0000
__Hpowerup                     powerup      0000
__Hram                         ram          0000
__Hreset_vec                   reset_vec    0000
__Hsfr0                        sfr0         0000
__Hsfr1                        sfr1         0000
__Hsfr2                        sfr2         0000
__Hsfr3                        sfr3         0000
__Hspace_0                     (abs)        2008
__Hspace_1                     (abs)        0074
__Hspace_2                     (abs)        0000
__Hspace_3                     (abs)        0000
__Hstack                       stack        0000
__Hstrings                     strings      0000
__Htext                        text         0000
__Labs1                        abs1         0000
__Lbank0                       bank0        0000
__Lbank1                       bank1        0000
__Lbank2                       bank2        0000
__Lbank3                       bank3        0000
__Lcinit                       cinit        07FE
__Lclrtext                     clrtext      0000
__Lcode                        code         0000
__Lcommon                      common       0000
__Lconfig                      config       2007
__LcstackCOMMON                cstackCOMMON 0000
__Leeprom_data                 eeprom_data  0000
__Lend_init                    end_init     0000
__Lfunctab                     functab      0000
__Lidloc                       idloc        0000
__Linit                        init         0000
__Lintentry                    intentry     0000
__Lmaintext                    maintext     0000
__Lpowerup                     powerup      0000
__Lram                         ram          0000
__Lreset_vec                   reset_vec    0000
__Lsfr0                        sfr0         0000
__Lsfr1                        sfr1         0000
__Lsfr2                        sfr2         0000
__Lsfr3                        sfr3         0000
__Lspace_0                     (abs)        0000
__Lspace_1                     (abs)        0000
__Lspace_2                     (abs)        0000
__Lspace_3                     (abs)        0000
__Lstack                       stack        0000
__Lstrings                     strings      0000
__Ltext                        text         0000
__S0                           (abs)        2008
__S1                           (abs)        0074
__S2                           (abs)        0000
__S3                           (abs)        0000
___int_sp                      stack        0000
___latbits                     (abs)        0000
___sp                          stack        0000
__end_of_ConfiguracionInicial  text6        06B1
__end_of_LED                   strings      0024
__end_of__initialization       cinit        07FE
__end_of__stringtab            strings      0023
__end_of_delay                 text5        06F0
__end_of_digitalWrite          text4        0777
__end_of_loop                  text3        06D3
__end_of_main                  maintext     06BD
__end_of_pinMode               text2        07FE
__end_of_setup                 text1        06B7
__initialization               cinit        07FE
__pcstackCOMMON                cstackCOMMON 0070
__pmaintext                    maintext     06B7
__pstrings                     strings      001D
__pswtext1                     swtext1      0001
__pswtext2                     swtext2      000F
__ptext1                       text1        06B1
__ptext2                       text2        0777
__ptext3                       text3        06BD
__ptext4                       text4        06F0
__ptext5                       text5        06D3
__ptext6                       text6        06B0
__size_of_ConfiguracionInicial (abs)        0000
__size_of_delay                (abs)        0000
__size_of_digitalWrite         (abs)        0000
__size_of_loop                 (abs)        0000
__size_of_main                 (abs)        0000
__size_of_pinMode              (abs)        0000
__size_of_setup                (abs)        0000
__stringbase                   strings      0022
__stringtab                    strings      001D
_delay                         text5        06D3
_digitalWrite                  text4        06F0
_loop                          text3        06BD
_main                          maintext     06B7
_pinMode                       text2        0777
_setup                         text1        06B1
btemp                          (abs)        007E
delay@i                        cstackCOMMON 0073
delay@millis                   cstackCOMMON 0070
digitalWrite@pin               cstackCOMMON 0073
digitalWrite@value             cstackCOMMON 0070
end_of_initialization          cinit        07FE
intlevel0                      functab      0000
intlevel1                      functab      0000
intlevel2                      functab      0000
intlevel3                      functab      0000
intlevel4                      functab      0000
intlevel5                      functab      0000
pinMode@dir                    cstackCOMMON 0070
pinMode@pin                    cstackCOMMON 0073
reset_vec                      reset_vec    0000
stackhi                        (abs)        0000
stacklo                        (abs)        0000
start                          init         0000
start_initialization           cinit        07FE
wtemp0                         (abs)        007E


FUNCTION INFORMATION:

 *************** function _main *****************
 Defined at:
		line 3 in file "H628A.c"
 Parameters:    Size  Location     Type
		None
 Auto vars:     Size  Location     Type
		None
 Return value:  Size  Location     Type
                  2   44[None  ] int 
 Registers used:
		wreg, fsr0l, fsr0h, status,2, status,0, pclath, cstack
 Tracked objects:
		On entry : 
		On exit  : 
		Unchanged: 
 Data sizes:     COMMON   BANK0   BANK1   BANK2
      Params:         0       0       0       0
      Locals:         0       0       0       0
      Temps:          0       0       0       0
      Totals:         0       0       0       0
Total ram usage:        0 bytes
 Hardware stack levels required when called:    2
 This function calls:
		_ConfiguracionInicial
		_loop
		_setup
 This function is called by:
		Startup code after reset
 This function uses a non-reentrant model


 *************** function _setup *****************
 Defined at:
		line 5 in file "application.c"
 Parameters:    Size  Location     Type
		None
 Auto vars:     Size  Location     Type
		None
 Return value:  Size  Location     Type
                  1    wreg      void 
 Registers used:
		wreg, fsr0l, fsr0h, status,2, status,0, pclath, cstack
 Tracked objects:
		On entry : 
		On exit  : 
		Unchanged: 
 Data sizes:     COMMON   BANK0   BANK1   BANK2
      Params:         0       0       0       0
      Locals:         0       0       0       0
      Temps:          0       0       0       0
      Totals:         0       0       0       0
Total ram usage:        0 bytes
 Hardware stack levels used:    1
 Hardware stack levels required when called:    1
 This function calls:
		_pinMode
 This function is called by:
		_main
 This function uses a non-reentrant model


 *************** function _pinMode *****************
 Defined at:
		line 17 in file "H628A.c"
 Parameters:    Size  Location     Type
  pin             1    wreg     unsigned char 
  dir             1    0[COMMON] unsigned char 
 Auto vars:     Size  Location     Type
  pin             1    3[COMMON] unsigned char 
 Return value:  Size  Location     Type
                  1    wreg      void 
 Registers used:
		wreg, fsr0l, fsr0h, status,2, status,0
 Tracked objects:
		On entry : 
		On exit  : 
		Unchanged: 
 Data sizes:     COMMON   BANK0   BANK1   BANK2
      Params:         1       0       0       0
      Locals:         1       0       0       0
      Temps:          2       0       0       0
      Totals:         4       0       0       0
Total ram usage:        4 bytes
 Hardware stack levels used:    1
 This function calls:
		Nothing
 This function is called by:
		_setup
 This function uses a non-reentrant model


 *************** function _loop *****************
 Defined at:
		line 10 in file "application.c"
 Parameters:    Size  Location     Type
		None
 Auto vars:     Size  Location     Type
		None
 Return value:  Size  Location     Type
                  1    wreg      void 
 Registers used:
		wreg, fsr0l, fsr0h, status,2, status,0, pclath, cstack
 Tracked objects:
		On entry : 
		On exit  : 
		Unchanged: 
 Data sizes:     COMMON   BANK0   BANK1   BANK2
      Params:         0       0       0       0
      Locals:         0       0       0       0
      Temps:          0       0       0       0
      Totals:         0       0       0       0
Total ram usage:        0 bytes
 Hardware stack levels used:    1
 Hardware stack levels required when called:    1
 This function calls:
		_delay
		_digitalWrite
 This function is called by:
		_main
 This function uses a non-reentrant model


 *************** function _digitalWrite *****************
 Defined at:
		line 66 in file "H628A.c"
 Parameters:    Size  Location     Type
  pin             1    wreg     unsigned char 
  value           1    0[COMMON] unsigned char 
 Auto vars:     Size  Location     Type
  pin             1    3[COMMON] unsigned char 
 Return value:  Size  Location     Type
                  1    wreg      void 
 Registers used:
		wreg, fsr0l, fsr0h, status,2, status,0
 Tracked objects:
		On entry : 
		On exit  : 
		Unchanged: 
 Data sizes:     COMMON   BANK0   BANK1   BANK2
      Params:         1       0       0       0
      Locals:         1       0       0       0
      Temps:          2       0       0       0
      Totals:         4       0       0       0
Total ram usage:        4 bytes
 Hardware stack levels used:    1
 This function calls:
		Nothing
 This function is called by:
		_loop
 This function uses a non-reentrant model


 *************** function _delay *****************
 Defined at:
		line 252 in file "H628A.c"
 Parameters:    Size  Location     Type
  millis          2    0[COMMON] unsigned int 
 Auto vars:     Size  Location     Type
  i               1    3[COMMON] unsigned char 
 Return value:  Size  Location     Type
                  1    wreg      void 
 Registers used:
		wreg, status,2, status,0
 Tracked objects:
		On entry : 
		On exit  : 
		Unchanged: 
 Data sizes:     COMMON   BANK0   BANK1   BANK2
      Params:         2       0       0       0
      Locals:         1       0       0       0
      Temps:          1       0       0       0
      Totals:         4       0       0       0
Total ram usage:        4 bytes
 Hardware stack levels used:    1
 This function calls:
		Nothing
 This function is called by:
		_loop
 This function uses a non-reentrant model


 *************** function _ConfiguracionInicial *****************
 Defined at:
		line 13 in file "H628A.c"
 Parameters:    Size  Location     Type
		None
 Auto vars:     Size  Location     Type
		None
 Return value:  Size  Location     Type
                  1    wreg      void 
 Registers used:
		None
 Tracked objects:
		On entry : 
		On exit  : 
		Unchanged: 
 Data sizes:     COMMON   BANK0   BANK1   BANK2
      Params:         0       0       0       0
      Locals:         0       0       0       0
      Temps:          0       0       0       0
      Totals:         0       0       0       0
Total ram usage:        0 bytes
 Hardware stack levels used:    1
 This function calls:
		Nothing
 This function is called by:
		_main
 This function uses a non-reentrant model



MODULE INFORMATION

Module		Function		Class		Link	Load	Size
shared
		__stringtab    		STRING         	001D	0000	7
		_LED           		STRING         	0023	0000	2
		__initialization		CODE           	07FE	0000	1

shared estimated size: 10

H628A.c
		_delay         		CODE           	06D3	0000	30
		_main          		CODE           	06B7	0000	7
		_ConfiguracionInicial		CODE           	06B0	0000	2
		_digitalWrite  		CODE           	06F0	0000	136
		_pinMode       		CODE           	0777	0000	136

H628A.c estimated size: 311

application.c
		_loop          		CODE           	06BD	0000	23
		_setup         		CODE           	06B1	0000	7

application.c estimated size: 30

